// Jest Snapshot v1, https://goo.gl/fbAQLP

exports[`TodoList tests should show the component succesfully 1`] = `
<ul
  className="list-group"
>
  <TodoListItem
    handleDelete={[MockFunction]}
    handleToggle={[MockFunction]}
    i={0}
    key="1"
    todo={
      Object {
        "desc": "learn react",
        "done": false,
        "id": 1,
      }
    }
  />
  <TodoListItem
    handleDelete={[MockFunction]}
    handleToggle={[MockFunction]}
    i={1}
    key="2"
    todo={
      Object {
        "desc": "learn flutter",
        "done": false,
        "id": 2,
      }
    }
  />
</ul>
`;
