// Jest Snapshot v1, https://goo.gl/fbAQLP

exports[`MultipleCustomHooks tests should show the component succesfully 1`] = `
<Fragment>
  <h1>
    Breaking Bad Quotes
  </h1>
  <hr />
  <div
    className="alert alert-info text-center"
  >
    Cargando...
  </div>
  <button
    className="btn btn-primary"
    onClick={[Function]}
  >
    Siguiente cita
  </button>
</Fragment>
`;
