// Jest Snapshot v1, https://goo.gl/fbAQLP

exports[`RealExampleRef tests should show the component succesfully 1`] = `
<div>
  <h1>
    Real example ref
  </h1>
  <hr />
  <p />
  <button
    className="btn btn-success"
    onClick={[Function]}
  >
    Mostrar/ocultar
  </button>
</div>
`;
