// Jest Snapshot v1, https://goo.gl/fbAQLP

exports[`Hook App tests should show the componente correctly 1`] = `
<Fragment>
  <h1>
    Test
  </h1>
</Fragment>
`;
