// Jest Snapshot v1, https://goo.gl/fbAQLP

exports[`HomeScreen tests should show the component successfully 1`] = `
<div>
  <h1>
    Home
  </h1>
  <hr />
  <pre>
    {
   "name": "fede",
   "email": "fede@example.com"
}
  </pre>
</div>
`;
